// Jest Snapshot v1, https://goo.gl/fbAQLP

exports[`loadHashtag render del componente de hashtags 1`] = `"<div class=\\"hashContainer\\"></div>"`;
