// Jest Snapshot v1, https://goo.gl/fbAQLP

exports[`login render de login 1`] = `"<section class=\\"login\\"><p class=\\"welcome\\"></p><h1></h1><p></p><picture class=\\"image-login\\"><img src=\\"https://svgshare.com/i/ept.svg\\" title=\\"img-login\\"></picture><section class=\\"container-login\\"><h2></h2><form class=\\"form-session\\"><input class=\\"input input-email\\" id=\\"inputEmail\\" type=\\"text\\" placeholder=\\"Email: \\" required=\\"\\"><div class=\\"container-email\\" id=\\"containerEmail\\"></div><input class=\\"input input-password\\" id=\\"inputPassword\\" type=\\"password\\" placeholder=\\"Contraseña: \\"><div class=\\"container-password\\" id=\\"containerPassword\\"><span class=\\"red\\"> Correo o constraseña inválido </span></div><button class=\\"button btn-login\\" id=\\"btnLogin\\" type=\\"submit\\"></button></form><div class=\\"registration\\"><span></span><a class=\\"link-registration\\" id=\\"linkRegistration\\"></a></div><button class=\\"btn-google\\" id=\\"btnGoogle\\"><span class=\\"iconify\\" data-icon=\\"akar-icons:google-contained-fill\\"></span></button><div></div></section></section>"`;
