// Jest Snapshot v1, https://goo.gl/fbAQLP

exports[`profile Deberia renderizar profile 1`] = `"<div class=\\"container-profile\\"><navbar class=\\"nav-bar\\"><div class=\\"nav-bar-container\\"><ul class=\\"icon-home\\"><li><a data-path=\\"/home\\" id=\\"home\\"><img class=\\"mapask\\" src=\\"https://svgshare.com/i/f6U.svg\\" title=\\"Home\\"></a></li></ul><ul class=\\"icons-bar\\"><li><a id=\\"logOut\\" data-path=\\"/\\"><img src=\\"https://svgshare.com/i/fAy.svg\\" title=\\"LogOut\\" class=\\"log-out\\"></a></li><li><a data-path=\\"/home\\" id=\\"home\\"><img class=\\"home\\" src=\\"https://svgshare.com/i/fEX.svg\\" title=\\"Home\\"></a></li><li><a data-path=\\"/profile\\" id=\\"profileBtn\\"><img class=\\"img-profile\\" src=\\"https://svgshare.com/i/f5r.svg\\"></a></li></ul></div></navbar><section class=\\"container-sections\\"><aside class=\\"hash-second\\"></aside><section class=\\"post-user\\"><form class=\\"form-home\\" id=\\"formHome\\"><textarea class=\\"description-Posts\\" id=\\"descriptionPosts\\" name=\\"description-posts\\" placeholder=\\"Â¿Sobre que quieres hablar?\\"></textarea><button type=\\"submit\\" class=\\"btn-post\\" id=\\"btnPost\\"></button></form><div></div><section class=\\"post-container\\" id=\\"postContainer\\"></section></section><aside class=\\"profile-primary\\"><section class=\\"container-profile-users\\" id=\\"containerProfileUsers\\"><button class=\\"btn-update button\\" id=\\"btnUpdate\\"></button></section></aside></section></div>"`;
